# Changelog

## tbd
## v0.3.1
### Fixes
#### 
- Negate `SemanticCommit.IsTagged()`
#### parser
- Adjust `commitHash` regex to parse reference tuples correctly
## v0.3.0
### Breaking
#### 
- Store `SemanticCommit`s flattened in Release
## v0.2.0
### Breaking
#### 
- Move main.go to repository root
## v0.1.0
### Features
#### 
- Expand absolute file path of template
- Print absolute paths
- Add semantic changelog generation in markdown format
#### formatter
- Use Go templates for formatting
### Breaking
#### 
- Parse `git log` instead of using go-git
